-------------------------+-------------------------
Argument                 |Value                    
-------------------------+-------------------------
Grid name:               | LSQB_sf0.1               
Input directory:         | /root/cuMatch/scratch/LSQB/social-network-sf0.1-projected-fk-relabeled
Output directory:        | /root/cuMatch/scratch/LGF
Schema file path:        | ./schema/LSQB_schema.json
Header flag:             | true                     
Skip relabeling:         | true                     
-------------------------+-------------------------
> Vertex Labels : {0: City}, {1: Company}, {2: Continent}, {3: Country}, {4: Forum}, {5: Comment}, {6: Post}, {7: Message}, {8: Person}, {9: Tag}, {10: TagClass}, {11: University}
> Edge Labels : {0: CONTAINER_OF}, {1: HAS_CREATOR}, {2: HAS_INTEREST}, {3: HAS_MEMBER}, {4: HAS_MODERATOR}, {5: HAS_TAG}, {6: HAS_TYPE}, {7: IS_LOCATED_IN}, {8: IS_PART_OF}, {9: IS_SUBCLASS_OF}, {10: KNOWS}, {11: LIKES}, {12: REPLY_OF}, {13: STUDY_AT}, {14: WORK_AT}
> Total vertices : 432235
> Total edges : 2098539
> Maximum num grids : 121
> Maximum num grids per edge label : 1
> Vertex label range : { City: [0-1) Company: [1-2) Continent: [2-3) Country: [3-4) Forum: [4-5) Comment: [5-6) Post: [6-7) Message: [5-7) Person: [7-8) Tag: [8-9) TagClass: [9-10) University: [10-11) 
dmesg > labeled_gridgen_utility.cpp:66
find /root/cuMatch/scratch/LGF/el32_tmp/7/7-0-7.el32.labeled
dmesg > labeled_gridgen_utility.cpp:66
find /root/cuMatch/scratch/LGF/el32_tmp/10/10-0-7.el32.labeled
dmesg > labeled_gridgen_utility.cpp:66
find /root/cuMatch/scratch/LGF/el32_tmp/7/7-1-14.el32.labeled
dmesg > labeled_gridgen_utility.cpp:66
find /root/cuMatch/scratch/LGF/el32_tmp/3/3-2-8.el32.labeled
dmesg > labeled_gridgen_utility.cpp:66
find /root/cuMatch/scratch/LGF/el32_tmp/0/0-3-8.el32.labeled
dmesg > labeled_gridgen_utility.cpp:66
find /root/cuMatch/scratch/LGF/el32_tmp/1/1-3-7.el32.labeled
dmesg > labeled_gridgen_utility.cpp:66
find /root/cuMatch/scratch/LGF/el32_tmp/5/5-3-7.el32.labeled
dmesg > labeled_gridgen_utility.cpp:66
find /root/cuMatch/scratch/LGF/el32_tmp/6/6-3-7.el32.labeled
dmesg > labeled_gridgen_utility.cpp:66
find /root/cuMatch/scratch/LGF/el32_tmp/5/5-5-12.el32.labeled
dmesg > labeled_gridgen_utility.cpp:66
find /root/cuMatch/scratch/LGF/el32_tmp/7/7-5-11.el32.labeled
dmesg > labeled_gridgen_utility.cpp:66
find /root/cuMatch/scratch/LGF/el32_tmp/4/4-6-0.el32.labeled
dmesg > labeled_gridgen_utility.cpp:66
find /root/cuMatch/scratch/LGF/el32_tmp/5/5-6-12.el32.labeled
dmesg > labeled_gridgen_utility.cpp:66
find /root/cuMatch/scratch/LGF/el32_tmp/7/7-6-11.el32.labeled
dmesg > labeled_gridgen_utility.cpp:66
find /root/cuMatch/scratch/LGF/el32_tmp/4/4-7-3.el32.labeled
dmesg > labeled_gridgen_utility.cpp:66
find /root/cuMatch/scratch/LGF/el32_tmp/4/4-7-4.el32.labeled
dmesg > labeled_gridgen_utility.cpp:66
find /root/cuMatch/scratch/LGF/el32_tmp/5/5-7-1.el32.labeled
dmesg > labeled_gridgen_utility.cpp:66
find /root/cuMatch/scratch/LGF/el32_tmp/6/6-7-1.el32.labeled
dmesg > labeled_gridgen_utility.cpp:66
find /root/cuMatch/scratch/LGF/el32_tmp/7/7-7-10.el32.labeled
dmesg > labeled_gridgen_utility.cpp:66
find /root/cuMatch/scratch/LGF/el32_tmp/4/4-8-5.el32.labeled
dmesg > labeled_gridgen_utility.cpp:66
find /root/cuMatch/scratch/LGF/el32_tmp/5/5-8-5.el32.labeled
dmesg > labeled_gridgen_utility.cpp:66
find /root/cuMatch/scratch/LGF/el32_tmp/6/6-8-5.el32.labeled
dmesg > labeled_gridgen_utility.cpp:66
find /root/cuMatch/scratch/LGF/el32_tmp/7/7-8-2.el32.labeled
dmesg > labeled_gridgen_utility.cpp:66
find /root/cuMatch/scratch/LGF/el32_tmp/8/8-9-6.el32.labeled
dmesg > labeled_gridgen_utility.cpp:66
find /root/cuMatch/scratch/LGF/el32_tmp/9/9-9-9.el32.labeled
dmesg > labeled_gridgen_utility.cpp:66
find /root/cuMatch/scratch/LGF/el32_tmp/7/7-10-13.el32.labeled
Input: /root/cuMatch/scratch/LGF/el32_tmp/7/7-0-7.el32.labeled [GBID: 7, 0, 7] [EDGE LABEL: IS_LOCATED_IN]
dmesg > labeled_grid_generator.cpp:458
Converting /root/cuMatch/scratch/LGF/el32_tmp/7/7-0-7.el32.labeled, 1700 edges (13600 byte)
Input: /root/cuMatch/scratch/LGF/el32_tmp/10/10-0-7.el32.labeled [GBID: 10, 0, 7] [EDGE LABEL: IS_LOCATED_IN]
dmesg > labeled_grid_generator.cpp:458
Converting /root/cuMatch/scratch/LGF/el32_tmp/10/10-0-7.el32.labeled, 6380 edges (51040 byte)
Input: /root/cuMatch/scratch/LGF/el32_tmp/7/7-1-14.el32.labeled [GBID: 7, 1, 14] [EDGE LABEL: WORK_AT]
dmesg > labeled_grid_generator.cpp:458
Converting /root/cuMatch/scratch/LGF/el32_tmp/7/7-1-14.el32.labeled, 3637 edges (29096 byte)
Input: /root/cuMatch/scratch/LGF/el32_tmp/3/3-2-8.el32.labeled [GBID: 3, 2, 8] [EDGE LABEL: IS_PART_OF]
dmesg > labeled_grid_generator.cpp:458
Converting /root/cuMatch/scratch/LGF/el32_tmp/3/3-2-8.el32.labeled, 111 edges (888 byte)
Input: /root/cuMatch/scratch/LGF/el32_tmp/0/0-3-8.el32.labeled [GBID: 0, 3, 8] [EDGE LABEL: IS_PART_OF]
dmesg > labeled_grid_generator.cpp:458
Converting /root/cuMatch/scratch/LGF/el32_tmp/0/0-3-8.el32.labeled, 1343 edges (10744 byte)
Input: /root/cuMatch/scratch/LGF/el32_tmp/1/1-3-7.el32.labeled [GBID: 1, 3, 7] [EDGE LABEL: IS_LOCATED_IN]
dmesg > labeled_grid_generator.cpp:458
Converting /root/cuMatch/scratch/LGF/el32_tmp/1/1-3-7.el32.labeled, 1575 edges (12600 byte)
Input: /root/cuMatch/scratch/LGF/el32_tmp/5/5-3-7.el32.labeled [GBID: 5, 3, 7] [EDGE LABEL: IS_LOCATED_IN]
dmesg > labeled_grid_generator.cpp:458
Converting /root/cuMatch/scratch/LGF/el32_tmp/5/5-3-7.el32.labeled, 215488 edges (1723904 byte)
Input: /root/cuMatch/scratch/LGF/el32_tmp/6/6-3-7.el32.labeled [GBID: 6, 3, 7] [EDGE LABEL: IS_LOCATED_IN]
dmesg > labeled_grid_generator.cpp:458
Converting /root/cuMatch/scratch/LGF/el32_tmp/6/6-3-7.el32.labeled, 172438 edges (1379504 byte)
Input: /root/cuMatch/scratch/LGF/el32_tmp/5/5-5-12.el32.labeled [GBID: 5, 5, 12] [EDGE LABEL: REPLY_OF]
dmesg > labeled_grid_generator.cpp:458
Converting /root/cuMatch/scratch/LGF/el32_tmp/5/5-5-12.el32.labeled, 108027 edges (864216 byte)
Input: /root/cuMatch/scratch/LGF/el32_tmp/7/7-5-11.el32.labeled [GBID: 7, 5, 11] [EDGE LABEL: LIKES]
dmesg > labeled_grid_generator.cpp:458
Converting /root/cuMatch/scratch/LGF/el32_tmp/7/7-5-11.el32.labeled, 92203 edges (737624 byte)
Input: /root/cuMatch/scratch/LGF/el32_tmp/4/4-6-0.el32.labeled [GBID: 4, 6, 0] [EDGE LABEL: CONTAINER_OF]
dmesg > labeled_grid_generator.cpp:458
Converting /root/cuMatch/scratch/LGF/el32_tmp/4/4-6-0.el32.labeled, 172438 edges (1379504 byte)
Input: /root/cuMatch/scratch/LGF/el32_tmp/5/5-6-12.el32.labeled [GBID: 5, 6, 12] [EDGE LABEL: REPLY_OF]
dmesg > labeled_grid_generator.cpp:458
Converting /root/cuMatch/scratch/LGF/el32_tmp/5/5-6-12.el32.labeled, 107461 edges (859688 byte)
Input: /root/cuMatch/scratch/LGF/el32_tmp/7/7-6-11.el32.labeled [GBID: 7, 6, 11] [EDGE LABEL: LIKES]
dmesg > labeled_grid_generator.cpp:458
Converting /root/cuMatch/scratch/LGF/el32_tmp/7/7-6-11.el32.labeled, 70199 edges (561592 byte)
Input: /root/cuMatch/scratch/LGF/el32_tmp/4/4-7-3.el32.labeled [GBID: 4, 7, 3] [EDGE LABEL: HAS_MEMBER]
dmesg > labeled_grid_generator.cpp:458
Converting /root/cuMatch/scratch/LGF/el32_tmp/4/4-7-3.el32.labeled, 273866 edges (2190928 byte)
Input: /root/cuMatch/scratch/LGF/el32_tmp/4/4-7-4.el32.labeled [GBID: 4, 7, 4] [EDGE LABEL: HAS_MODERATOR]
dmesg > labeled_grid_generator.cpp:458
Converting /root/cuMatch/scratch/LGF/el32_tmp/4/4-7-4.el32.labeled, 17043 edges (136344 byte)
Input: /root/cuMatch/scratch/LGF/el32_tmp/5/5-7-1.el32.labeled [GBID: 5, 7, 1] [EDGE LABEL: HAS_CREATOR]
dmesg > labeled_grid_generator.cpp:458
Converting /root/cuMatch/scratch/LGF/el32_tmp/5/5-7-1.el32.labeled, 215488 edges (1723904 byte)
Input: /root/cuMatch/scratch/LGF/el32_tmp/6/6-7-1.el32.labeled [GBID: 6, 7, 1] [EDGE LABEL: HAS_CREATOR]
dmesg > labeled_grid_generator.cpp:458
Converting /root/cuMatch/scratch/LGF/el32_tmp/6/6-7-1.el32.labeled, 172438 edges (1379504 byte)
Input: /root/cuMatch/scratch/LGF/el32_tmp/7/7-7-10.el32.labeled [GBID: 7, 7, 10] [EDGE LABEL: KNOWS]
dmesg > labeled_grid_generator.cpp:458
Converting /root/cuMatch/scratch/LGF/el32_tmp/7/7-7-10.el32.labeled, 36270 edges (290160 byte)
Input: /root/cuMatch/scratch/LGF/el32_tmp/4/4-8-5.el32.labeled [GBID: 4, 8, 5] [EDGE LABEL: HAS_TAG]
dmesg > labeled_grid_generator.cpp:458
Converting /root/cuMatch/scratch/LGF/el32_tmp/4/4-8-5.el32.labeled, 54513 edges (436104 byte)
Input: /root/cuMatch/scratch/LGF/el32_tmp/5/5-8-5.el32.labeled [GBID: 5, 8, 5] [EDGE LABEL: HAS_TAG]
dmesg > labeled_grid_generator.cpp:458
Converting /root/cuMatch/scratch/LGF/el32_tmp/5/5-8-5.el32.labeled, 252881 edges (2023048 byte)
Input: /root/cuMatch/scratch/LGF/el32_tmp/6/6-8-5.el32.labeled [GBID: 6, 8, 5] [EDGE LABEL: HAS_TAG]
dmesg > labeled_grid_generator.cpp:458
Converting /root/cuMatch/scratch/LGF/el32_tmp/6/6-8-5.el32.labeled, 66346 edges (530768 byte)
Input: /root/cuMatch/scratch/LGF/el32_tmp/7/7-8-2.el32.labeled [GBID: 7, 8, 2] [EDGE LABEL: HAS_INTEREST]
dmesg > labeled_grid_generator.cpp:458
Converting /root/cuMatch/scratch/LGF/el32_tmp/7/7-8-2.el32.labeled, 39170 edges (313360 byte)
Input: /root/cuMatch/scratch/LGF/el32_tmp/8/8-9-6.el32.labeled [GBID: 8, 9, 6] [EDGE LABEL: HAS_TYPE]
dmesg > labeled_grid_generator.cpp:458
Converting /root/cuMatch/scratch/LGF/el32_tmp/8/8-9-6.el32.labeled, 16080 edges (128640 byte)
Input: /root/cuMatch/scratch/LGF/el32_tmp/9/9-9-9.el32.labeled [GBID: 9, 9, 9] [EDGE LABEL: IS_SUBCLASS_OF]
dmesg > labeled_grid_generator.cpp:458
Converting /root/cuMatch/scratch/LGF/el32_tmp/9/9-9-9.el32.labeled, 70 edges (560 byte)
Input: /root/cuMatch/scratch/LGF/el32_tmp/7/7-10-13.el32.labeled [GBID: 7, 10, 13] [EDGE LABEL: STUDY_AT]
dmesg > labeled_grid_generator.cpp:458
Converting /root/cuMatch/scratch/LGF/el32_tmp/7/7-10-13.el32.labeled, 1374 edges (10992 byte)
+---------------------------------------------------------+
| Labeled Grid Format Info                                |
+--------------------------+------------------------------+
| Name                     |                   LSQB_sf0.1 |
| Dim                      |                 11 x 11 x 15 |
| Grid Size                |        28102656   (26.8 MiB) |
| Vertex range             |       184549376    (184.5 M) |
| # of non-isol. vertices  |          432235    (432.2 K) |
| # of edges               |         2098539      (2.1 M) |
| Index-tree size          |            9300    (9.1 KiB) |
| # of Slices              |                           50 |
| # of Vertex Labels       |                           12 |
| # of Edge Labels         |                           15 |
| Max. Slice size          |      3221225472      (3 GiB) |
+--------------------------+------------------------------+
Step 1 elapsed time: 0.548382 seconds
Step 2 elapsed time: 1.226317 seconds
Elapsed time: 1.7873 seconds
