-------------------------+-------------------------
Argument                 |Value                    
-------------------------+-------------------------
Grid name:               | LSQB_sf100               
Input directory:         | /root/cuMatch/scratch/LSQB/social-network-sf100-projected-fk-relabeled
Output directory:        | /root/cuMatch/scratch/LGF
Schema file path:        | ./schema/LSQB_schema.json
Header flag:             | true                     
Skip relabeling:         | true                     
-------------------------+-------------------------
> Vertex Labels : {0: City}, {1: Company}, {2: Continent}, {3: Country}, {4: Forum}, {5: Comment}, {6: Post}, {7: Message}, {8: Person}, {9: Tag}, {10: TagClass}, {11: University}
> Edge Labels : {0: CONTAINER_OF}, {1: HAS_CREATOR}, {2: HAS_INTEREST}, {3: HAS_MEMBER}, {4: HAS_MODERATOR}, {5: HAS_TAG}, {6: HAS_TYPE}, {7: IS_LOCATED_IN}, {8: IS_PART_OF}, {9: IS_SUBCLASS_OF}, {10: KNOWS}, {11: LIKES}, {12: REPLY_OF}, {13: STUDY_AT}, {14: WORK_AT}
> Total vertices : 326042268
> Total edges : 2148520093
> Maximum num grids : 841
> Maximum num grids per edge label : 225
> Vertex label range : { City: [0-1) Company: [1-2) Continent: [2-3) Country: [3-4) Forum: [4-5) Comment: [5-20) Post: [20-25) Message: [5-25) Person: [25-26) Tag: [26-27) TagClass: [27-28) University: [28-29) 
dmesg > labeled_gridgen_utility.cpp:66
find /root/cuMatch/scratch/LGF/el32_tmp/25/25-0-7.el32.labeled
dmesg > labeled_gridgen_utility.cpp:66
find /root/cuMatch/scratch/LGF/el32_tmp/28/28-0-7.el32.labeled
dmesg > labeled_gridgen_utility.cpp:66
find /root/cuMatch/scratch/LGF/el32_tmp/25/25-1-14.el32.labeled
dmesg > labeled_gridgen_utility.cpp:66
find /root/cuMatch/scratch/LGF/el32_tmp/3/3-2-8.el32.labeled
dmesg > labeled_gridgen_utility.cpp:66
find /root/cuMatch/scratch/LGF/el32_tmp/0/0-3-8.el32.labeled
dmesg > labeled_gridgen_utility.cpp:66
find /root/cuMatch/scratch/LGF/el32_tmp/1/1-3-7.el32.labeled
dmesg > labeled_gridgen_utility.cpp:66
find /root/cuMatch/scratch/LGF/el32_tmp/5/5-3-7.el32.labeled
dmesg > labeled_gridgen_utility.cpp:66
find /root/cuMatch/scratch/LGF/el32_tmp/6/6-3-7.el32.labeled
dmesg > labeled_gridgen_utility.cpp:66
find /root/cuMatch/scratch/LGF/el32_tmp/7/7-3-7.el32.labeled
dmesg > labeled_gridgen_utility.cpp:66
find /root/cuMatch/scratch/LGF/el32_tmp/8/8-3-7.el32.labeled
dmesg > labeled_gridgen_utility.cpp:66
find /root/cuMatch/scratch/LGF/el32_tmp/9/9-3-7.el32.labeled
dmesg > labeled_gridgen_utility.cpp:66
find /root/cuMatch/scratch/LGF/el32_tmp/10/10-3-7.el32.labeled
dmesg > labeled_gridgen_utility.cpp:66
find /root/cuMatch/scratch/LGF/el32_tmp/11/11-3-7.el32.labeled
dmesg > labeled_gridgen_utility.cpp:66
find /root/cuMatch/scratch/LGF/el32_tmp/12/12-3-7.el32.labeled
dmesg > labeled_gridgen_utility.cpp:66
find /root/cuMatch/scratch/LGF/el32_tmp/13/13-3-7.el32.labeled
dmesg > labeled_gridgen_utility.cpp:66
find /root/cuMatch/scratch/LGF/el32_tmp/14/14-3-7.el32.labeled
dmesg > labeled_gridgen_utility.cpp:66
find /root/cuMatch/scratch/LGF/el32_tmp/15/15-3-7.el32.labeled
dmesg > labeled_gridgen_utility.cpp:66
find /root/cuMatch/scratch/LGF/el32_tmp/16/16-3-7.el32.labeled
dmesg > labeled_gridgen_utility.cpp:66
find /root/cuMatch/scratch/LGF/el32_tmp/17/17-3-7.el32.labeled
dmesg > labeled_gridgen_utility.cpp:66
find /root/cuMatch/scratch/LGF/el32_tmp/18/18-3-7.el32.labeled
dmesg > labeled_gridgen_utility.cpp:66
find /root/cuMatch/scratch/LGF/el32_tmp/19/19-3-7.el32.labeled
dmesg > labeled_gridgen_utility.cpp:66
find /root/cuMatch/scratch/LGF/el32_tmp/20/20-3-7.el32.labeled
dmesg > labeled_gridgen_utility.cpp:66
find /root/cuMatch/scratch/LGF/el32_tmp/21/21-3-7.el32.labeled
dmesg > labeled_gridgen_utility.cpp:66
find /root/cuMatch/scratch/LGF/el32_tmp/22/22-3-7.el32.labeled
dmesg > labeled_gridgen_utility.cpp:66
find /root/cuMatch/scratch/LGF/el32_tmp/23/23-3-7.el32.labeled
dmesg > labeled_gridgen_utility.cpp:66
find /root/cuMatch/scratch/LGF/el32_tmp/24/24-3-7.el32.labeled
dmesg > labeled_gridgen_utility.cpp:66
find /root/cuMatch/scratch/LGF/el32_tmp/5/5-5-12.el32.labeled
dmesg > labeled_gridgen_utility.cpp:66
find /root/cuMatch/scratch/LGF/el32_tmp/6/6-5-12.el32.labeled
dmesg > labeled_gridgen_utility.cpp:66
find /root/cuMatch/scratch/LGF/el32_tmp/25/25-5-11.el32.labeled
dmesg > labeled_gridgen_utility.cpp:66
find /root/cuMatch/scratch/LGF/el32_tmp/6/6-6-12.el32.labeled
dmesg > labeled_gridgen_utility.cpp:66
find /root/cuMatch/scratch/LGF/el32_tmp/7/7-6-12.el32.labeled
dmesg > labeled_gridgen_utility.cpp:66
find /root/cuMatch/scratch/LGF/el32_tmp/25/25-6-11.el32.labeled
dmesg > labeled_gridgen_utility.cpp:66
find /root/cuMatch/scratch/LGF/el32_tmp/7/7-7-12.el32.labeled
dmesg > labeled_gridgen_utility.cpp:66
find /root/cuMatch/scratch/LGF/el32_tmp/8/8-7-12.el32.labeled
dmesg > labeled_gridgen_utility.cpp:66
find /root/cuMatch/scratch/LGF/el32_tmp/25/25-7-11.el32.labeled
dmesg > labeled_gridgen_utility.cpp:66
find /root/cuMatch/scratch/LGF/el32_tmp/8/8-8-12.el32.labeled
dmesg > labeled_gridgen_utility.cpp:66
find /root/cuMatch/scratch/LGF/el32_tmp/25/25-8-11.el32.labeled
dmesg > labeled_gridgen_utility.cpp:66
find /root/cuMatch/scratch/LGF/el32_tmp/9/9-9-12.el32.labeled
dmesg > labeled_gridgen_utility.cpp:66
find /root/cuMatch/scratch/LGF/el32_tmp/10/10-9-12.el32.labeled
dmesg > labeled_gridgen_utility.cpp:66
find /root/cuMatch/scratch/LGF/el32_tmp/25/25-9-11.el32.labeled
dmesg > labeled_gridgen_utility.cpp:66
find /root/cuMatch/scratch/LGF/el32_tmp/10/10-10-12.el32.labeled
dmesg > labeled_gridgen_utility.cpp:66
find /root/cuMatch/scratch/LGF/el32_tmp/11/11-10-12.el32.labeled
dmesg > labeled_gridgen_utility.cpp:66
find /root/cuMatch/scratch/LGF/el32_tmp/25/25-10-11.el32.labeled
dmesg > labeled_gridgen_utility.cpp:66
find /root/cuMatch/scratch/LGF/el32_tmp/11/11-11-12.el32.labeled
dmesg > labeled_gridgen_utility.cpp:66
find /root/cuMatch/scratch/LGF/el32_tmp/25/25-11-11.el32.labeled
dmesg > labeled_gridgen_utility.cpp:66
find /root/cuMatch/scratch/LGF/el32_tmp/12/12-12-12.el32.labeled
dmesg > labeled_gridgen_utility.cpp:66
find /root/cuMatch/scratch/LGF/el32_tmp/25/25-12-11.el32.labeled
dmesg > labeled_gridgen_utility.cpp:66
find /root/cuMatch/scratch/LGF/el32_tmp/13/13-13-12.el32.labeled
dmesg > labeled_gridgen_utility.cpp:66
find /root/cuMatch/scratch/LGF/el32_tmp/14/14-13-12.el32.labeled
dmesg > labeled_gridgen_utility.cpp:66
find /root/cuMatch/scratch/LGF/el32_tmp/25/25-13-11.el32.labeled
dmesg > labeled_gridgen_utility.cpp:66
find /root/cuMatch/scratch/LGF/el32_tmp/14/14-14-12.el32.labeled
dmesg > labeled_gridgen_utility.cpp:66
find /root/cuMatch/scratch/LGF/el32_tmp/15/15-14-12.el32.labeled
dmesg > labeled_gridgen_utility.cpp:66
find /root/cuMatch/scratch/LGF/el32_tmp/25/25-14-11.el32.labeled
dmesg > labeled_gridgen_utility.cpp:66
find /root/cuMatch/scratch/LGF/el32_tmp/15/15-15-12.el32.labeled
dmesg > labeled_gridgen_utility.cpp:66
find /root/cuMatch/scratch/LGF/el32_tmp/16/16-15-12.el32.labeled
dmesg > labeled_gridgen_utility.cpp:66
find /root/cuMatch/scratch/LGF/el32_tmp/25/25-15-11.el32.labeled
dmesg > labeled_gridgen_utility.cpp:66
find /root/cuMatch/scratch/LGF/el32_tmp/16/16-16-12.el32.labeled
dmesg > labeled_gridgen_utility.cpp:66
find /root/cuMatch/scratch/LGF/el32_tmp/25/25-16-11.el32.labeled
dmesg > labeled_gridgen_utility.cpp:66
find /root/cuMatch/scratch/LGF/el32_tmp/17/17-17-12.el32.labeled
dmesg > labeled_gridgen_utility.cpp:66
find /root/cuMatch/scratch/LGF/el32_tmp/18/18-17-12.el32.labeled
dmesg > labeled_gridgen_utility.cpp:66
find /root/cuMatch/scratch/LGF/el32_tmp/25/25-17-11.el32.labeled
dmesg > labeled_gridgen_utility.cpp:66
find /root/cuMatch/scratch/LGF/el32_tmp/18/18-18-12.el32.labeled
dmesg > labeled_gridgen_utility.cpp:66
find /root/cuMatch/scratch/LGF/el32_tmp/25/25-18-11.el32.labeled
dmesg > labeled_gridgen_utility.cpp:66
find /root/cuMatch/scratch/LGF/el32_tmp/19/19-19-12.el32.labeled
dmesg > labeled_gridgen_utility.cpp:66
find /root/cuMatch/scratch/LGF/el32_tmp/25/25-19-11.el32.labeled
dmesg > labeled_gridgen_utility.cpp:66
find /root/cuMatch/scratch/LGF/el32_tmp/4/4-20-0.el32.labeled
dmesg > labeled_gridgen_utility.cpp:66
find /root/cuMatch/scratch/LGF/el32_tmp/5/5-20-12.el32.labeled
dmesg > labeled_gridgen_utility.cpp:66
find /root/cuMatch/scratch/LGF/el32_tmp/6/6-20-12.el32.labeled
dmesg > labeled_gridgen_utility.cpp:66
find /root/cuMatch/scratch/LGF/el32_tmp/7/7-20-12.el32.labeled
dmesg > labeled_gridgen_utility.cpp:66
find /root/cuMatch/scratch/LGF/el32_tmp/8/8-20-12.el32.labeled
dmesg > labeled_gridgen_utility.cpp:66
find /root/cuMatch/scratch/LGF/el32_tmp/25/25-20-11.el32.labeled
dmesg > labeled_gridgen_utility.cpp:66
find /root/cuMatch/scratch/LGF/el32_tmp/4/4-21-0.el32.labeled
dmesg > labeled_gridgen_utility.cpp:66
find /root/cuMatch/scratch/LGF/el32_tmp/8/8-21-12.el32.labeled
dmesg > labeled_gridgen_utility.cpp:66
find /root/cuMatch/scratch/LGF/el32_tmp/9/9-21-12.el32.labeled
dmesg > labeled_gridgen_utility.cpp:66
find /root/cuMatch/scratch/LGF/el32_tmp/10/10-21-12.el32.labeled
dmesg > labeled_gridgen_utility.cpp:66
find /root/cuMatch/scratch/LGF/el32_tmp/11/11-21-12.el32.labeled
dmesg > labeled_gridgen_utility.cpp:66
find /root/cuMatch/scratch/LGF/el32_tmp/12/12-21-12.el32.labeled
dmesg > labeled_gridgen_utility.cpp:66
find /root/cuMatch/scratch/LGF/el32_tmp/25/25-21-11.el32.labeled
dmesg > labeled_gridgen_utility.cpp:66
find /root/cuMatch/scratch/LGF/el32_tmp/4/4-22-0.el32.labeled
dmesg > labeled_gridgen_utility.cpp:66
find /root/cuMatch/scratch/LGF/el32_tmp/12/12-22-12.el32.labeled
dmesg > labeled_gridgen_utility.cpp:66
find /root/cuMatch/scratch/LGF/el32_tmp/13/13-22-12.el32.labeled
dmesg > labeled_gridgen_utility.cpp:66
find /root/cuMatch/scratch/LGF/el32_tmp/14/14-22-12.el32.labeled
dmesg > labeled_gridgen_utility.cpp:66
find /root/cuMatch/scratch/LGF/el32_tmp/15/15-22-12.el32.labeled
dmesg > labeled_gridgen_utility.cpp:66
find /root/cuMatch/scratch/LGF/el32_tmp/25/25-22-11.el32.labeled
dmesg > labeled_gridgen_utility.cpp:66
find /root/cuMatch/scratch/LGF/el32_tmp/4/4-23-0.el32.labeled
dmesg > labeled_gridgen_utility.cpp:66
find /root/cuMatch/scratch/LGF/el32_tmp/15/15-23-12.el32.labeled
dmesg > labeled_gridgen_utility.cpp:66
find /root/cuMatch/scratch/LGF/el32_tmp/16/16-23-12.el32.labeled
dmesg > labeled_gridgen_utility.cpp:66
find /root/cuMatch/scratch/LGF/el32_tmp/17/17-23-12.el32.labeled
dmesg > labeled_gridgen_utility.cpp:66
find /root/cuMatch/scratch/LGF/el32_tmp/18/18-23-12.el32.labeled
dmesg > labeled_gridgen_utility.cpp:66
find /root/cuMatch/scratch/LGF/el32_tmp/19/19-23-12.el32.labeled
dmesg > labeled_gridgen_utility.cpp:66
find /root/cuMatch/scratch/LGF/el32_tmp/25/25-23-11.el32.labeled
dmesg > labeled_gridgen_utility.cpp:66
find /root/cuMatch/scratch/LGF/el32_tmp/4/4-24-0.el32.labeled
dmesg > labeled_gridgen_utility.cpp:66
find /root/cuMatch/scratch/LGF/el32_tmp/19/19-24-12.el32.labeled
dmesg > labeled_gridgen_utility.cpp:66
find /root/cuMatch/scratch/LGF/el32_tmp/25/25-24-11.el32.labeled
dmesg > labeled_gridgen_utility.cpp:66
find /root/cuMatch/scratch/LGF/el32_tmp/4/4-25-3.el32.labeled
dmesg > labeled_gridgen_utility.cpp:66
find /root/cuMatch/scratch/LGF/el32_tmp/4/4-25-4.el32.labeled
dmesg > labeled_gridgen_utility.cpp:66
find /root/cuMatch/scratch/LGF/el32_tmp/5/5-25-1.el32.labeled
dmesg > labeled_gridgen_utility.cpp:66
find /root/cuMatch/scratch/LGF/el32_tmp/6/6-25-1.el32.labeled
dmesg > labeled_gridgen_utility.cpp:66
find /root/cuMatch/scratch/LGF/el32_tmp/7/7-25-1.el32.labeled
dmesg > labeled_gridgen_utility.cpp:66
find /root/cuMatch/scratch/LGF/el32_tmp/8/8-25-1.el32.labeled
dmesg > labeled_gridgen_utility.cpp:66
find /root/cuMatch/scratch/LGF/el32_tmp/9/9-25-1.el32.labeled
dmesg > labeled_gridgen_utility.cpp:66
find /root/cuMatch/scratch/LGF/el32_tmp/10/10-25-1.el32.labeled
dmesg > labeled_gridgen_utility.cpp:66
find /root/cuMatch/scratch/LGF/el32_tmp/11/11-25-1.el32.labeled
dmesg > labeled_gridgen_utility.cpp:66
find /root/cuMatch/scratch/LGF/el32_tmp/12/12-25-1.el32.labeled
dmesg > labeled_gridgen_utility.cpp:66
find /root/cuMatch/scratch/LGF/el32_tmp/13/13-25-1.el32.labeled
dmesg > labeled_gridgen_utility.cpp:66
find /root/cuMatch/scratch/LGF/el32_tmp/14/14-25-1.el32.labeled
dmesg > labeled_gridgen_utility.cpp:66
find /root/cuMatch/scratch/LGF/el32_tmp/15/15-25-1.el32.labeled
dmesg > labeled_gridgen_utility.cpp:66
find /root/cuMatch/scratch/LGF/el32_tmp/16/16-25-1.el32.labeled
dmesg > labeled_gridgen_utility.cpp:66
find /root/cuMatch/scratch/LGF/el32_tmp/17/17-25-1.el32.labeled
dmesg > labeled_gridgen_utility.cpp:66
find /root/cuMatch/scratch/LGF/el32_tmp/18/18-25-1.el32.labeled
dmesg > labeled_gridgen_utility.cpp:66
find /root/cuMatch/scratch/LGF/el32_tmp/19/19-25-1.el32.labeled
dmesg > labeled_gridgen_utility.cpp:66
find /root/cuMatch/scratch/LGF/el32_tmp/20/20-25-1.el32.labeled
dmesg > labeled_gridgen_utility.cpp:66
find /root/cuMatch/scratch/LGF/el32_tmp/21/21-25-1.el32.labeled
dmesg > labeled_gridgen_utility.cpp:66
find /root/cuMatch/scratch/LGF/el32_tmp/22/22-25-1.el32.labeled
dmesg > labeled_gridgen_utility.cpp:66
find /root/cuMatch/scratch/LGF/el32_tmp/23/23-25-1.el32.labeled
dmesg > labeled_gridgen_utility.cpp:66
find /root/cuMatch/scratch/LGF/el32_tmp/24/24-25-1.el32.labeled
dmesg > labeled_gridgen_utility.cpp:66
find /root/cuMatch/scratch/LGF/el32_tmp/25/25-25-10.el32.labeled
dmesg > labeled_gridgen_utility.cpp:66
find /root/cuMatch/scratch/LGF/el32_tmp/4/4-26-5.el32.labeled
dmesg > labeled_gridgen_utility.cpp:66
find /root/cuMatch/scratch/LGF/el32_tmp/5/5-26-5.el32.labeled
dmesg > labeled_gridgen_utility.cpp:66
find /root/cuMatch/scratch/LGF/el32_tmp/6/6-26-5.el32.labeled
dmesg > labeled_gridgen_utility.cpp:66
find /root/cuMatch/scratch/LGF/el32_tmp/7/7-26-5.el32.labeled
dmesg > labeled_gridgen_utility.cpp:66
find /root/cuMatch/scratch/LGF/el32_tmp/8/8-26-5.el32.labeled
dmesg > labeled_gridgen_utility.cpp:66
find /root/cuMatch/scratch/LGF/el32_tmp/9/9-26-5.el32.labeled
dmesg > labeled_gridgen_utility.cpp:66
find /root/cuMatch/scratch/LGF/el32_tmp/10/10-26-5.el32.labeled
dmesg > labeled_gridgen_utility.cpp:66
find /root/cuMatch/scratch/LGF/el32_tmp/11/11-26-5.el32.labeled
dmesg > labeled_gridgen_utility.cpp:66
find /root/cuMatch/scratch/LGF/el32_tmp/12/12-26-5.el32.labeled
dmesg > labeled_gridgen_utility.cpp:66
find /root/cuMatch/scratch/LGF/el32_tmp/13/13-26-5.el32.labeled
dmesg > labeled_gridgen_utility.cpp:66
find /root/cuMatch/scratch/LGF/el32_tmp/14/14-26-5.el32.labeled
dmesg > labeled_gridgen_utility.cpp:66
find /root/cuMatch/scratch/LGF/el32_tmp/15/15-26-5.el32.labeled
dmesg > labeled_gridgen_utility.cpp:66
find /root/cuMatch/scratch/LGF/el32_tmp/16/16-26-5.el32.labeled
dmesg > labeled_gridgen_utility.cpp:66
find /root/cuMatch/scratch/LGF/el32_tmp/17/17-26-5.el32.labeled
dmesg > labeled_gridgen_utility.cpp:66
find /root/cuMatch/scratch/LGF/el32_tmp/18/18-26-5.el32.labeled
dmesg > labeled_gridgen_utility.cpp:66
find /root/cuMatch/scratch/LGF/el32_tmp/19/19-26-5.el32.labeled
dmesg > labeled_gridgen_utility.cpp:66
find /root/cuMatch/scratch/LGF/el32_tmp/20/20-26-5.el32.labeled
dmesg > labeled_gridgen_utility.cpp:66
find /root/cuMatch/scratch/LGF/el32_tmp/21/21-26-5.el32.labeled
dmesg > labeled_gridgen_utility.cpp:66
find /root/cuMatch/scratch/LGF/el32_tmp/22/22-26-5.el32.labeled
dmesg > labeled_gridgen_utility.cpp:66
find /root/cuMatch/scratch/LGF/el32_tmp/23/23-26-5.el32.labeled
dmesg > labeled_gridgen_utility.cpp:66
find /root/cuMatch/scratch/LGF/el32_tmp/24/24-26-5.el32.labeled
dmesg > labeled_gridgen_utility.cpp:66
find /root/cuMatch/scratch/LGF/el32_tmp/25/25-26-2.el32.labeled
dmesg > labeled_gridgen_utility.cpp:66
find /root/cuMatch/scratch/LGF/el32_tmp/26/26-27-6.el32.labeled
dmesg > labeled_gridgen_utility.cpp:66
find /root/cuMatch/scratch/LGF/el32_tmp/27/27-27-9.el32.labeled
dmesg > labeled_gridgen_utility.cpp:66
find /root/cuMatch/scratch/LGF/el32_tmp/25/25-28-13.el32.labeled
Input: /root/cuMatch/scratch/LGF/el32_tmp/25/25-0-7.el32.labeled [GBID: 25, 0, 7] [EDGE LABEL: IS_LOCATED_IN]
dmesg > labeled_grid_generator.cpp:458
Converting /root/cuMatch/scratch/LGF/el32_tmp/25/25-0-7.el32.labeled, 499000 edges (3992000 byte)
Input: /root/cuMatch/scratch/LGF/el32_tmp/28/28-0-7.el32.labeled [GBID: 28, 0, 7] [EDGE LABEL: IS_LOCATED_IN]
dmesg > labeled_grid_generator.cpp:458
Converting /root/cuMatch/scratch/LGF/el32_tmp/28/28-0-7.el32.labeled, 6380 edges (51040 byte)
Input: /root/cuMatch/scratch/LGF/el32_tmp/25/25-1-14.el32.labeled [GBID: 25, 1, 14] [EDGE LABEL: WORK_AT]
dmesg > labeled_grid_generator.cpp:458
Converting /root/cuMatch/scratch/LGF/el32_tmp/25/25-1-14.el32.labeled, 1086342 edges (8690736 byte)
Input: /root/cuMatch/scratch/LGF/el32_tmp/3/3-2-8.el32.labeled [GBID: 3, 2, 8] [EDGE LABEL: IS_PART_OF]
dmesg > labeled_grid_generator.cpp:458
Converting /root/cuMatch/scratch/LGF/el32_tmp/3/3-2-8.el32.labeled, 111 edges (888 byte)
Input: /root/cuMatch/scratch/LGF/el32_tmp/0/0-3-8.el32.labeled [GBID: 0, 3, 8] [EDGE LABEL: IS_PART_OF]
dmesg > labeled_grid_generator.cpp:458
Converting /root/cuMatch/scratch/LGF/el32_tmp/0/0-3-8.el32.labeled, 1343 edges (10744 byte)
Input: /root/cuMatch/scratch/LGF/el32_tmp/1/1-3-7.el32.labeled [GBID: 1, 3, 7] [EDGE LABEL: IS_LOCATED_IN]
dmesg > labeled_grid_generator.cpp:458
Converting /root/cuMatch/scratch/LGF/el32_tmp/1/1-3-7.el32.labeled, 1575 edges (12600 byte)
Input: /root/cuMatch/scratch/LGF/el32_tmp/5/5-3-7.el32.labeled [GBID: 5, 3, 7] [EDGE LABEL: IS_LOCATED_IN]
dmesg > labeled_grid_generator.cpp:458
Converting /root/cuMatch/scratch/LGF/el32_tmp/5/5-3-7.el32.labeled, 16777216 edges (134217728 byte)
Input: /root/cuMatch/scratch/LGF/el32_tmp/6/6-3-7.el32.labeled [GBID: 6, 3, 7] [EDGE LABEL: IS_LOCATED_IN]
dmesg > labeled_grid_generator.cpp:458
Converting /root/cuMatch/scratch/LGF/el32_tmp/6/6-3-7.el32.labeled, 16777216 edges (134217728 byte)
Input: /root/cuMatch/scratch/LGF/el32_tmp/7/7-3-7.el32.labeled [GBID: 7, 3, 7] [EDGE LABEL: IS_LOCATED_IN]
dmesg > labeled_grid_generator.cpp:458
Converting /root/cuMatch/scratch/LGF/el32_tmp/7/7-3-7.el32.labeled, 16777216 edges (134217728 byte)
Input: /root/cuMatch/scratch/LGF/el32_tmp/8/8-3-7.el32.labeled [GBID: 8, 3, 7] [EDGE LABEL: IS_LOCATED_IN]
dmesg > labeled_grid_generator.cpp:458
Converting /root/cuMatch/scratch/LGF/el32_tmp/8/8-3-7.el32.labeled, 16777216 edges (134217728 byte)
Input: /root/cuMatch/scratch/LGF/el32_tmp/9/9-3-7.el32.labeled [GBID: 9, 3, 7] [EDGE LABEL: IS_LOCATED_IN]
dmesg > labeled_grid_generator.cpp:458
Converting /root/cuMatch/scratch/LGF/el32_tmp/9/9-3-7.el32.labeled, 16777216 edges (134217728 byte)
Input: /root/cuMatch/scratch/LGF/el32_tmp/10/10-3-7.el32.labeled [GBID: 10, 3, 7] [EDGE LABEL: IS_LOCATED_IN]
dmesg > labeled_grid_generator.cpp:458
Converting /root/cuMatch/scratch/LGF/el32_tmp/10/10-3-7.el32.labeled, 16777216 edges (134217728 byte)
Input: /root/cuMatch/scratch/LGF/el32_tmp/11/11-3-7.el32.labeled [GBID: 11, 3, 7] [EDGE LABEL: IS_LOCATED_IN]
dmesg > labeled_grid_generator.cpp:458
Converting /root/cuMatch/scratch/LGF/el32_tmp/11/11-3-7.el32.labeled, 16777216 edges (134217728 byte)
Input: /root/cuMatch/scratch/LGF/el32_tmp/12/12-3-7.el32.labeled [GBID: 12, 3, 7] [EDGE LABEL: IS_LOCATED_IN]
dmesg > labeled_grid_generator.cpp:458
Converting /root/cuMatch/scratch/LGF/el32_tmp/12/12-3-7.el32.labeled, 16777216 edges (134217728 byte)
Input: /root/cuMatch/scratch/LGF/el32_tmp/13/13-3-7.el32.labeled [GBID: 13, 3, 7] [EDGE LABEL: IS_LOCATED_IN]
dmesg > labeled_grid_generator.cpp:458
Converting /root/cuMatch/scratch/LGF/el32_tmp/13/13-3-7.el32.labeled, 16777216 edges (134217728 byte)
Input: /root/cuMatch/scratch/LGF/el32_tmp/14/14-3-7.el32.labeled [GBID: 14, 3, 7] [EDGE LABEL: IS_LOCATED_IN]
dmesg > labeled_grid_generator.cpp:458
Converting /root/cuMatch/scratch/LGF/el32_tmp/14/14-3-7.el32.labeled, 16777216 edges (134217728 byte)
Input: /root/cuMatch/scratch/LGF/el32_tmp/15/15-3-7.el32.labeled [GBID: 15, 3, 7] [EDGE LABEL: IS_LOCATED_IN]
dmesg > labeled_grid_generator.cpp:458
Converting /root/cuMatch/scratch/LGF/el32_tmp/15/15-3-7.el32.labeled, 16777216 edges (134217728 byte)
Input: /root/cuMatch/scratch/LGF/el32_tmp/16/16-3-7.el32.labeled [GBID: 16, 3, 7] [EDGE LABEL: IS_LOCATED_IN]
dmesg > labeled_grid_generator.cpp:458
Converting /root/cuMatch/scratch/LGF/el32_tmp/16/16-3-7.el32.labeled, 16777216 edges (134217728 byte)
Input: /root/cuMatch/scratch/LGF/el32_tmp/17/17-3-7.el32.labeled [GBID: 17, 3, 7] [EDGE LABEL: IS_LOCATED_IN]
dmesg > labeled_grid_generator.cpp:458
Converting /root/cuMatch/scratch/LGF/el32_tmp/17/17-3-7.el32.labeled, 16777216 edges (134217728 byte)
Input: /root/cuMatch/scratch/LGF/el32_tmp/18/18-3-7.el32.labeled [GBID: 18, 3, 7] [EDGE LABEL: IS_LOCATED_IN]
dmesg > labeled_grid_generator.cpp:458
Converting /root/cuMatch/scratch/LGF/el32_tmp/18/18-3-7.el32.labeled, 16777216 edges (134217728 byte)
Input: /root/cuMatch/scratch/LGF/el32_tmp/19/19-3-7.el32.labeled [GBID: 19, 3, 7] [EDGE LABEL: IS_LOCATED_IN]
dmesg > labeled_grid_generator.cpp:458
Converting /root/cuMatch/scratch/LGF/el32_tmp/19/19-3-7.el32.labeled, 16175157 edges (129401256 byte)
Input: /root/cuMatch/scratch/LGF/el32_tmp/20/20-3-7.el32.labeled [GBID: 20, 3, 7] [EDGE LABEL: IS_LOCATED_IN]
dmesg > labeled_grid_generator.cpp:458
Converting /root/cuMatch/scratch/LGF/el32_tmp/20/20-3-7.el32.labeled, 16777216 edges (134217728 byte)
Input: /root/cuMatch/scratch/LGF/el32_tmp/21/21-3-7.el32.labeled [GBID: 21, 3, 7] [EDGE LABEL: IS_LOCATED_IN]
dmesg > labeled_grid_generator.cpp:458
Converting /root/cuMatch/scratch/LGF/el32_tmp/21/21-3-7.el32.labeled, 16777216 edges (134217728 byte)
Input: /root/cuMatch/scratch/LGF/el32_tmp/22/22-3-7.el32.labeled [GBID: 22, 3, 7] [EDGE LABEL: IS_LOCATED_IN]
dmesg > labeled_grid_generator.cpp:458
Converting /root/cuMatch/scratch/LGF/el32_tmp/22/22-3-7.el32.labeled, 16777216 edges (134217728 byte)
Input: /root/cuMatch/scratch/LGF/el32_tmp/23/23-3-7.el32.labeled [GBID: 23, 3, 7] [EDGE LABEL: IS_LOCATED_IN]
dmesg > labeled_grid_generator.cpp:458
Converting /root/cuMatch/scratch/LGF/el32_tmp/23/23-3-7.el32.labeled, 16777216 edges (134217728 byte)
Input: /root/cuMatch/scratch/LGF/el32_tmp/24/24-3-7.el32.labeled [GBID: 24, 3, 7] [EDGE LABEL: IS_LOCATED_IN]
dmesg > labeled_grid_generator.cpp:458
Converting /root/cuMatch/scratch/LGF/el32_tmp/24/24-3-7.el32.labeled, 2368682 edges (18949456 byte)
Input: /root/cuMatch/scratch/LGF/el32_tmp/5/5-5-12.el32.labeled [GBID: 5, 5, 12] [EDGE LABEL: REPLY_OF]
dmesg > labeled_grid_generator.cpp:458
Converting /root/cuMatch/scratch/LGF/el32_tmp/5/5-5-12.el32.labeled, 8459421 edges (67675368 byte)
Input: /root/cuMatch/scratch/LGF/el32_tmp/6/6-5-12.el32.labeled [GBID: 6, 5, 12] [EDGE LABEL: REPLY_OF]
dmesg > labeled_grid_generator.cpp:458
Converting /root/cuMatch/scratch/LGF/el32_tmp/6/6-5-12.el32.labeled, 1 edges (8 byte)
Input: /root/cuMatch/scratch/LGF/el32_tmp/25/25-5-11.el32.labeled [GBID: 25, 5, 11] [EDGE LABEL: LIKES]
dmesg > labeled_grid_generator.cpp:458
Converting /root/cuMatch/scratch/LGF/el32_tmp/25/25-5-11.el32.labeled, 16580503 edges (132644024 byte)
Input: /root/cuMatch/scratch/LGF/el32_tmp/6/6-6-12.el32.labeled [GBID: 6, 6, 12] [EDGE LABEL: REPLY_OF]
dmesg > labeled_grid_generator.cpp:458
Converting /root/cuMatch/scratch/LGF/el32_tmp/6/6-6-12.el32.labeled, 8489592 edges (67916736 byte)
Input: /root/cuMatch/scratch/LGF/el32_tmp/7/7-6-12.el32.labeled [GBID: 7, 6, 12] [EDGE LABEL: REPLY_OF]
dmesg > labeled_grid_generator.cpp:458
Converting /root/cuMatch/scratch/LGF/el32_tmp/7/7-6-12.el32.labeled, 6 edges (48 byte)
Input: /root/cuMatch/scratch/LGF/el32_tmp/25/25-6-11.el32.labeled [GBID: 25, 6, 11] [EDGE LABEL: LIKES]
dmesg > labeled_grid_generator.cpp:458
Converting /root/cuMatch/scratch/LGF/el32_tmp/25/25-6-11.el32.labeled, 16757116 edges (134056928 byte)
Input: /root/cuMatch/scratch/LGF/el32_tmp/7/7-7-12.el32.labeled [GBID: 7, 7, 12] [EDGE LABEL: REPLY_OF]
dmesg > labeled_grid_generator.cpp:458
Converting /root/cuMatch/scratch/LGF/el32_tmp/7/7-7-12.el32.labeled, 8489843 edges (67918744 byte)
Input: /root/cuMatch/scratch/LGF/el32_tmp/8/8-7-12.el32.labeled [GBID: 8, 7, 12] [EDGE LABEL: REPLY_OF]
dmesg > labeled_grid_generator.cpp:458
Converting /root/cuMatch/scratch/LGF/el32_tmp/8/8-7-12.el32.labeled, 6 edges (48 byte)
Input: /root/cuMatch/scratch/LGF/el32_tmp/25/25-7-11.el32.labeled [GBID: 25, 7, 11] [EDGE LABEL: LIKES]
dmesg > labeled_grid_generator.cpp:458
Converting /root/cuMatch/scratch/LGF/el32_tmp/25/25-7-11.el32.labeled, 17010089 edges (136080712 byte)
Input: /root/cuMatch/scratch/LGF/el32_tmp/8/8-8-12.el32.labeled [GBID: 8, 8, 12] [EDGE LABEL: REPLY_OF]
dmesg > labeled_grid_generator.cpp:458
Converting /root/cuMatch/scratch/LGF/el32_tmp/8/8-8-12.el32.labeled, 8480576 edges (67844608 byte)
Input: /root/cuMatch/scratch/LGF/el32_tmp/25/25-8-11.el32.labeled [GBID: 25, 8, 11] [EDGE LABEL: LIKES]
dmesg > labeled_grid_generator.cpp:458
Converting /root/cuMatch/scratch/LGF/el32_tmp/25/25-8-11.el32.labeled, 16558105 edges (132464840 byte)
Input: /root/cuMatch/scratch/LGF/el32_tmp/9/9-9-12.el32.labeled [GBID: 9, 9, 12] [EDGE LABEL: REPLY_OF]
dmesg > labeled_grid_generator.cpp:458
Converting /root/cuMatch/scratch/LGF/el32_tmp/9/9-9-12.el32.labeled, 8497467 edges (67979736 byte)
Input: /root/cuMatch/scratch/LGF/el32_tmp/10/10-9-12.el32.labeled [GBID: 10, 9, 12] [EDGE LABEL: REPLY_OF]
dmesg > labeled_grid_generator.cpp:458
Converting /root/cuMatch/scratch/LGF/el32_tmp/10/10-9-12.el32.labeled, 4 edges (32 byte)
Input: /root/cuMatch/scratch/LGF/el32_tmp/25/25-9-11.el32.labeled [GBID: 25, 9, 11] [EDGE LABEL: LIKES]
dmesg > labeled_grid_generator.cpp:458
Converting /root/cuMatch/scratch/LGF/el32_tmp/25/25-9-11.el32.labeled, 16872904 edges (134983232 byte)
Input: /root/cuMatch/scratch/LGF/el32_tmp/10/10-10-12.el32.labeled [GBID: 10, 10, 12] [EDGE LABEL: REPLY_OF]
dmesg > labeled_grid_generator.cpp:458
Converting /root/cuMatch/scratch/LGF/el32_tmp/10/10-10-12.el32.labeled, 8499939 edges (67999512 byte)
Input: /root/cuMatch/scratch/LGF/el32_tmp/11/11-10-12.el32.labeled [GBID: 11, 10, 12] [EDGE LABEL: REPLY_OF]
dmesg > labeled_grid_generator.cpp:458
Converting /root/cuMatch/scratch/LGF/el32_tmp/11/11-10-12.el32.labeled, 6 edges (48 byte)
Input: /root/cuMatch/scratch/LGF/el32_tmp/25/25-10-11.el32.labeled [GBID: 25, 10, 11] [EDGE LABEL: LIKES]
dmesg > labeled_grid_generator.cpp:458
Converting /root/cuMatch/scratch/LGF/el32_tmp/25/25-10-11.el32.labeled, 16704437 edges (133635496 byte)
Input: /root/cuMatch/scratch/LGF/el32_tmp/11/11-11-12.el32.labeled [GBID: 11, 11, 12] [EDGE LABEL: REPLY_OF]
dmesg > labeled_grid_generator.cpp:458
Converting /root/cuMatch/scratch/LGF/el32_tmp/11/11-11-12.el32.labeled, 8472183 edges (67777464 byte)
Input: /root/cuMatch/scratch/LGF/el32_tmp/25/25-11-11.el32.labeled [GBID: 25, 11, 11] [EDGE LABEL: LIKES]
dmesg > labeled_grid_generator.cpp:458
Converting /root/cuMatch/scratch/LGF/el32_tmp/25/25-11-11.el32.labeled, 16535161 edges (132281288 byte)
Input: /root/cuMatch/scratch/LGF/el32_tmp/12/12-12-12.el32.labeled [GBID: 12, 12, 12] [EDGE LABEL: REPLY_OF]
dmesg > labeled_grid_generator.cpp:458
Converting /root/cuMatch/scratch/LGF/el32_tmp/12/12-12-12.el32.labeled, 8462340 edges (67698720 byte)
Input: /root/cuMatch/scratch/LGF/el32_tmp/25/25-12-11.el32.labeled [GBID: 25, 12, 11] [EDGE LABEL: LIKES]
dmesg > labeled_grid_generator.cpp:458
Converting /root/cuMatch/scratch/LGF/el32_tmp/25/25-12-11.el32.labeled, 16695702 edges (133565616 byte)
Input: /root/cuMatch/scratch/LGF/el32_tmp/13/13-13-12.el32.labeled [GBID: 13, 13, 12] [EDGE LABEL: REPLY_OF]
dmesg > labeled_grid_generator.cpp:458
Converting /root/cuMatch/scratch/LGF/el32_tmp/13/13-13-12.el32.labeled, 8482832 edges (67862656 byte)
Input: /root/cuMatch/scratch/LGF/el32_tmp/14/14-13-12.el32.labeled [GBID: 14, 13, 12] [EDGE LABEL: REPLY_OF]
dmesg > labeled_grid_generator.cpp:458
Converting /root/cuMatch/scratch/LGF/el32_tmp/14/14-13-12.el32.labeled, 2 edges (16 byte)
Input: /root/cuMatch/scratch/LGF/el32_tmp/25/25-13-11.el32.labeled [GBID: 25, 13, 11] [EDGE LABEL: LIKES]
dmesg > labeled_grid_generator.cpp:458
Converting /root/cuMatch/scratch/LGF/el32_tmp/25/25-13-11.el32.labeled, 16779391 edges (134235128 byte)
Input: /root/cuMatch/scratch/LGF/el32_tmp/14/14-14-12.el32.labeled [GBID: 14, 14, 12] [EDGE LABEL: REPLY_OF]
dmesg > labeled_grid_generator.cpp:458
Converting /root/cuMatch/scratch/LGF/el32_tmp/14/14-14-12.el32.labeled, 8479382 edges (67835056 byte)
Input: /root/cuMatch/scratch/LGF/el32_tmp/15/15-14-12.el32.labeled [GBID: 15, 14, 12] [EDGE LABEL: REPLY_OF]
dmesg > labeled_grid_generator.cpp:458
Converting /root/cuMatch/scratch/LGF/el32_tmp/15/15-14-12.el32.labeled, 7 edges (56 byte)
Input: /root/cuMatch/scratch/LGF/el32_tmp/25/25-14-11.el32.labeled [GBID: 25, 14, 11] [EDGE LABEL: LIKES]
dmesg > labeled_grid_generator.cpp:458
Converting /root/cuMatch/scratch/LGF/el32_tmp/25/25-14-11.el32.labeled, 16627471 edges (133019768 byte)
Input: /root/cuMatch/scratch/LGF/el32_tmp/15/15-15-12.el32.labeled [GBID: 15, 15, 12] [EDGE LABEL: REPLY_OF]
dmesg > labeled_grid_generator.cpp:458
Converting /root/cuMatch/scratch/LGF/el32_tmp/15/15-15-12.el32.labeled, 8461438 edges (67691504 byte)
Input: /root/cuMatch/scratch/LGF/el32_tmp/16/16-15-12.el32.labeled [GBID: 16, 15, 12] [EDGE LABEL: REPLY_OF]
dmesg > labeled_grid_generator.cpp:458
Converting /root/cuMatch/scratch/LGF/el32_tmp/16/16-15-12.el32.labeled, 5 edges (40 byte)
Input: /root/cuMatch/scratch/LGF/el32_tmp/25/25-15-11.el32.labeled [GBID: 25, 15, 11] [EDGE LABEL: LIKES]
dmesg > labeled_grid_generator.cpp:458
Converting /root/cuMatch/scratch/LGF/el32_tmp/25/25-15-11.el32.labeled, 16708884 edges (133671072 byte)
Input: /root/cuMatch/scratch/LGF/el32_tmp/16/16-16-12.el32.labeled [GBID: 16, 16, 12] [EDGE LABEL: REPLY_OF]
dmesg > labeled_grid_generator.cpp:458
Converting /root/cuMatch/scratch/LGF/el32_tmp/16/16-16-12.el32.labeled, 8464544 edges (67716352 byte)
Input: /root/cuMatch/scratch/LGF/el32_tmp/25/25-16-11.el32.labeled [GBID: 25, 16, 11] [EDGE LABEL: LIKES]
dmesg > labeled_grid_generator.cpp:458
Converting /root/cuMatch/scratch/LGF/el32_tmp/25/25-16-11.el32.labeled, 16614063 edges (132912504 byte)
Input: /root/cuMatch/scratch/LGF/el32_tmp/17/17-17-12.el32.labeled [GBID: 17, 17, 12] [EDGE LABEL: REPLY_OF]
dmesg > labeled_grid_generator.cpp:458
Converting /root/cuMatch/scratch/LGF/el32_tmp/17/17-17-12.el32.labeled, 8491735 edges (67933880 byte)
Input: /root/cuMatch/scratch/LGF/el32_tmp/18/18-17-12.el32.labeled [GBID: 18, 17, 12] [EDGE LABEL: REPLY_OF]
dmesg > labeled_grid_generator.cpp:458
Converting /root/cuMatch/scratch/LGF/el32_tmp/18/18-17-12.el32.labeled, 7 edges (56 byte)
Input: /root/cuMatch/scratch/LGF/el32_tmp/25/25-17-11.el32.labeled [GBID: 25, 17, 11] [EDGE LABEL: LIKES]
dmesg > labeled_grid_generator.cpp:458
Converting /root/cuMatch/scratch/LGF/el32_tmp/25/25-17-11.el32.labeled, 16663123 edges (133304984 byte)
Input: /root/cuMatch/scratch/LGF/el32_tmp/18/18-18-12.el32.labeled [GBID: 18, 18, 12] [EDGE LABEL: REPLY_OF]
dmesg > labeled_grid_generator.cpp:458
Converting /root/cuMatch/scratch/LGF/el32_tmp/18/18-18-12.el32.labeled, 8495515 edges (67964120 byte)
Input: /root/cuMatch/scratch/LGF/el32_tmp/25/25-18-11.el32.labeled [GBID: 25, 18, 11] [EDGE LABEL: LIKES]
dmesg > labeled_grid_generator.cpp:458
Converting /root/cuMatch/scratch/LGF/el32_tmp/25/25-18-11.el32.labeled, 16763404 edges (134107232 byte)
Input: /root/cuMatch/scratch/LGF/el32_tmp/19/19-19-12.el32.labeled [GBID: 19, 19, 12] [EDGE LABEL: REPLY_OF]
dmesg > labeled_grid_generator.cpp:458
Converting /root/cuMatch/scratch/LGF/el32_tmp/19/19-19-12.el32.labeled, 8181065 edges (65448520 byte)
Input: /root/cuMatch/scratch/LGF/el32_tmp/25/25-19-11.el32.labeled [GBID: 25, 19, 11] [EDGE LABEL: LIKES]
dmesg > labeled_grid_generator.cpp:458
Converting /root/cuMatch/scratch/LGF/el32_tmp/25/25-19-11.el32.labeled, 15851496 edges (126811968 byte)
Input: /root/cuMatch/scratch/LGF/el32_tmp/4/4-20-0.el32.labeled [GBID: 4, 20, 0] [EDGE LABEL: CONTAINER_OF]
dmesg > labeled_grid_generator.cpp:458
Converting /root/cuMatch/scratch/LGF/el32_tmp/4/4-20-0.el32.labeled, 16777216 edges (134217728 byte)
Input: /root/cuMatch/scratch/LGF/el32_tmp/5/5-20-12.el32.labeled [GBID: 5, 20, 12] [EDGE LABEL: REPLY_OF]
dmesg > labeled_grid_generator.cpp:458
Converting /root/cuMatch/scratch/LGF/el32_tmp/5/5-20-12.el32.labeled, 8317795 edges (66542360 byte)
Input: /root/cuMatch/scratch/LGF/el32_tmp/6/6-20-12.el32.labeled [GBID: 6, 20, 12] [EDGE LABEL: REPLY_OF]
dmesg > labeled_grid_generator.cpp:458
Converting /root/cuMatch/scratch/LGF/el32_tmp/6/6-20-12.el32.labeled, 8287623 edges (66300984 byte)
Input: /root/cuMatch/scratch/LGF/el32_tmp/7/7-20-12.el32.labeled [GBID: 7, 20, 12] [EDGE LABEL: REPLY_OF]
dmesg > labeled_grid_generator.cpp:458
Converting /root/cuMatch/scratch/LGF/el32_tmp/7/7-20-12.el32.labeled, 8287367 edges (66298936 byte)
Input: /root/cuMatch/scratch/LGF/el32_tmp/8/8-20-12.el32.labeled [GBID: 8, 20, 12] [EDGE LABEL: REPLY_OF]
dmesg > labeled_grid_generator.cpp:458
Converting /root/cuMatch/scratch/LGF/el32_tmp/8/8-20-12.el32.labeled, 5109219 edges (40873752 byte)
Input: /root/cuMatch/scratch/LGF/el32_tmp/25/25-20-11.el32.labeled [GBID: 25, 20, 11] [EDGE LABEL: LIKES]
dmesg > labeled_grid_generator.cpp:458
Converting /root/cuMatch/scratch/LGF/el32_tmp/25/25-20-11.el32.labeled, 26472088 edges (211776704 byte)
Input: /root/cuMatch/scratch/LGF/el32_tmp/4/4-21-0.el32.labeled [GBID: 4, 21, 0] [EDGE LABEL: CONTAINER_OF]
dmesg > labeled_grid_generator.cpp:458
Converting /root/cuMatch/scratch/LGF/el32_tmp/4/4-21-0.el32.labeled, 16777216 edges (134217728 byte)
Input: /root/cuMatch/scratch/LGF/el32_tmp/8/8-21-12.el32.labeled [GBID: 8, 21, 12] [EDGE LABEL: REPLY_OF]
dmesg > labeled_grid_generator.cpp:458
Converting /root/cuMatch/scratch/LGF/el32_tmp/8/8-21-12.el32.labeled, 3187415 edges (25499320 byte)
Input: /root/cuMatch/scratch/LGF/el32_tmp/9/9-21-12.el32.labeled [GBID: 9, 21, 12] [EDGE LABEL: REPLY_OF]
dmesg > labeled_grid_generator.cpp:458
Converting /root/cuMatch/scratch/LGF/el32_tmp/9/9-21-12.el32.labeled, 8279749 edges (66237992 byte)
Input: /root/cuMatch/scratch/LGF/el32_tmp/10/10-21-12.el32.labeled [GBID: 10, 21, 12] [EDGE LABEL: REPLY_OF]
dmesg > labeled_grid_generator.cpp:458
Converting /root/cuMatch/scratch/LGF/el32_tmp/10/10-21-12.el32.labeled, 8277273 edges (66218184 byte)
Input: /root/cuMatch/scratch/LGF/el32_tmp/11/11-21-12.el32.labeled [GBID: 11, 21, 12] [EDGE LABEL: REPLY_OF]
dmesg > labeled_grid_generator.cpp:458
Converting /root/cuMatch/scratch/LGF/el32_tmp/11/11-21-12.el32.labeled, 8305027 edges (66440216 byte)
Input: /root/cuMatch/scratch/LGF/el32_tmp/12/12-21-12.el32.labeled [GBID: 12, 21, 12] [EDGE LABEL: REPLY_OF]
dmesg > labeled_grid_generator.cpp:458
Converting /root/cuMatch/scratch/LGF/el32_tmp/12/12-21-12.el32.labeled, 2017684 edges (16141472 byte)
Input: /root/cuMatch/scratch/LGF/el32_tmp/25/25-21-11.el32.labeled [GBID: 25, 21, 11] [EDGE LABEL: LIKES]
dmesg > labeled_grid_generator.cpp:458
Converting /root/cuMatch/scratch/LGF/el32_tmp/25/25-21-11.el32.labeled, 26302857 edges (210422856 byte)
Input: /root/cuMatch/scratch/LGF/el32_tmp/4/4-22-0.el32.labeled [GBID: 4, 22, 0] [EDGE LABEL: CONTAINER_OF]
dmesg > labeled_grid_generator.cpp:458
Converting /root/cuMatch/scratch/LGF/el32_tmp/4/4-22-0.el32.labeled, 16777216 edges (134217728 byte)
Input: /root/cuMatch/scratch/LGF/el32_tmp/12/12-22-12.el32.labeled [GBID: 12, 22, 12] [EDGE LABEL: REPLY_OF]
dmesg > labeled_grid_generator.cpp:458
Converting /root/cuMatch/scratch/LGF/el32_tmp/12/12-22-12.el32.labeled, 6297192 edges (50377536 byte)
Input: /root/cuMatch/scratch/LGF/el32_tmp/13/13-22-12.el32.labeled [GBID: 13, 22, 12] [EDGE LABEL: REPLY_OF]
dmesg > labeled_grid_generator.cpp:458
Converting /root/cuMatch/scratch/LGF/el32_tmp/13/13-22-12.el32.labeled, 8294384 edges (66355072 byte)
Input: /root/cuMatch/scratch/LGF/el32_tmp/14/14-22-12.el32.labeled [GBID: 14, 22, 12] [EDGE LABEL: REPLY_OF]
dmesg > labeled_grid_generator.cpp:458
Converting /root/cuMatch/scratch/LGF/el32_tmp/14/14-22-12.el32.labeled, 8297832 edges (66382656 byte)
Input: /root/cuMatch/scratch/LGF/el32_tmp/15/15-22-12.el32.labeled [GBID: 15, 22, 12] [EDGE LABEL: REPLY_OF]
dmesg > labeled_grid_generator.cpp:458
Converting /root/cuMatch/scratch/LGF/el32_tmp/15/15-22-12.el32.labeled, 6995117 edges (55960936 byte)
Input: /root/cuMatch/scratch/LGF/el32_tmp/25/25-22-11.el32.labeled [GBID: 25, 22, 11] [EDGE LABEL: LIKES]
dmesg > labeled_grid_generator.cpp:458
Converting /root/cuMatch/scratch/LGF/el32_tmp/25/25-22-11.el32.labeled, 26325239 edges (210601912 byte)
Input: /root/cuMatch/scratch/LGF/el32_tmp/4/4-23-0.el32.labeled [GBID: 4, 23, 0] [EDGE LABEL: CONTAINER_OF]
dmesg > labeled_grid_generator.cpp:458
Converting /root/cuMatch/scratch/LGF/el32_tmp/4/4-23-0.el32.labeled, 16777216 edges (134217728 byte)
Input: /root/cuMatch/scratch/LGF/el32_tmp/15/15-23-12.el32.labeled [GBID: 15, 23, 12] [EDGE LABEL: REPLY_OF]
dmesg > labeled_grid_generator.cpp:458
Converting /root/cuMatch/scratch/LGF/el32_tmp/15/15-23-12.el32.labeled, 1320654 edges (10565232 byte)
Input: /root/cuMatch/scratch/LGF/el32_tmp/16/16-23-12.el32.labeled [GBID: 16, 23, 12] [EDGE LABEL: REPLY_OF]
dmesg > labeled_grid_generator.cpp:458
Converting /root/cuMatch/scratch/LGF/el32_tmp/16/16-23-12.el32.labeled, 8312667 edges (66501336 byte)
Input: /root/cuMatch/scratch/LGF/el32_tmp/17/17-23-12.el32.labeled [GBID: 17, 23, 12] [EDGE LABEL: REPLY_OF]
dmesg > labeled_grid_generator.cpp:458
Converting /root/cuMatch/scratch/LGF/el32_tmp/17/17-23-12.el32.labeled, 8285481 edges (66283848 byte)
Input: /root/cuMatch/scratch/LGF/el32_tmp/18/18-23-12.el32.labeled [GBID: 18, 23, 12] [EDGE LABEL: REPLY_OF]
dmesg > labeled_grid_generator.cpp:458
Converting /root/cuMatch/scratch/LGF/el32_tmp/18/18-23-12.el32.labeled, 8281694 edges (66253552 byte)
Input: /root/cuMatch/scratch/LGF/el32_tmp/19/19-23-12.el32.labeled [GBID: 19, 23, 12] [EDGE LABEL: REPLY_OF]
dmesg > labeled_grid_generator.cpp:458
Converting /root/cuMatch/scratch/LGF/el32_tmp/19/19-23-12.el32.labeled, 3778446 edges (30227568 byte)
Input: /root/cuMatch/scratch/LGF/el32_tmp/25/25-23-11.el32.labeled [GBID: 25, 23, 11] [EDGE LABEL: LIKES]
dmesg > labeled_grid_generator.cpp:458
Converting /root/cuMatch/scratch/LGF/el32_tmp/25/25-23-11.el32.labeled, 26371341 edges (210970728 byte)
Input: /root/cuMatch/scratch/LGF/el32_tmp/4/4-24-0.el32.labeled [GBID: 4, 24, 0] [EDGE LABEL: CONTAINER_OF]
dmesg > labeled_grid_generator.cpp:458
Converting /root/cuMatch/scratch/LGF/el32_tmp/4/4-24-0.el32.labeled, 2368682 edges (18949456 byte)
Input: /root/cuMatch/scratch/LGF/el32_tmp/19/19-24-12.el32.labeled [GBID: 19, 24, 12] [EDGE LABEL: REPLY_OF]
dmesg > labeled_grid_generator.cpp:458
Converting /root/cuMatch/scratch/LGF/el32_tmp/19/19-24-12.el32.labeled, 4215646 edges (33725168 byte)
Input: /root/cuMatch/scratch/LGF/el32_tmp/25/25-24-11.el32.labeled [GBID: 25, 24, 11] [EDGE LABEL: LIKES]
dmesg > labeled_grid_generator.cpp:458
Converting /root/cuMatch/scratch/LGF/el32_tmp/25/25-24-11.el32.labeled, 3752900 edges (30023200 byte)
Input: /root/cuMatch/scratch/LGF/el32_tmp/4/4-25-3.el32.labeled [GBID: 4, 25, 3] [EDGE LABEL: HAS_MEMBER]
dmesg > labeled_grid_generator.cpp:458
Converting /root/cuMatch/scratch/LGF/el32_tmp/4/4-25-3.el32.labeled, 345533481 edges (2764267848 byte)
Input: /root/cuMatch/scratch/LGF/el32_tmp/4/4-25-4.el32.labeled [GBID: 4, 25, 4] [EDGE LABEL: HAS_MODERATOR]
dmesg > labeled_grid_generator.cpp:458
Converting /root/cuMatch/scratch/LGF/el32_tmp/4/4-25-4.el32.labeled, 4983975 edges (39871800 byte)
Input: /root/cuMatch/scratch/LGF/el32_tmp/5/5-25-1.el32.labeled [GBID: 5, 25, 1] [EDGE LABEL: HAS_CREATOR]
dmesg > labeled_grid_generator.cpp:458
Converting /root/cuMatch/scratch/LGF/el32_tmp/5/5-25-1.el32.labeled, 16777216 edges (134217728 byte)
Input: /root/cuMatch/scratch/LGF/el32_tmp/6/6-25-1.el32.labeled [GBID: 6, 25, 1] [EDGE LABEL: HAS_CREATOR]
dmesg > labeled_grid_generator.cpp:458
Converting /root/cuMatch/scratch/LGF/el32_tmp/6/6-25-1.el32.labeled, 16777216 edges (134217728 byte)
Input: /root/cuMatch/scratch/LGF/el32_tmp/7/7-25-1.el32.labeled [GBID: 7, 25, 1] [EDGE LABEL: HAS_CREATOR]
dmesg > labeled_grid_generator.cpp:458
Converting /root/cuMatch/scratch/LGF/el32_tmp/7/7-25-1.el32.labeled, 16777216 edges (134217728 byte)
Input: /root/cuMatch/scratch/LGF/el32_tmp/8/8-25-1.el32.labeled [GBID: 8, 25, 1] [EDGE LABEL: HAS_CREATOR]
dmesg > labeled_grid_generator.cpp:458
Converting /root/cuMatch/scratch/LGF/el32_tmp/8/8-25-1.el32.labeled, 16777216 edges (134217728 byte)
Input: /root/cuMatch/scratch/LGF/el32_tmp/9/9-25-1.el32.labeled [GBID: 9, 25, 1] [EDGE LABEL: HAS_CREATOR]
dmesg > labeled_grid_generator.cpp:458
Converting /root/cuMatch/scratch/LGF/el32_tmp/9/9-25-1.el32.labeled, 16777216 edges (134217728 byte)
Input: /root/cuMatch/scratch/LGF/el32_tmp/10/10-25-1.el32.labeled [GBID: 10, 25, 1] [EDGE LABEL: HAS_CREATOR]
dmesg > labeled_grid_generator.cpp:458
Converting /root/cuMatch/scratch/LGF/el32_tmp/10/10-25-1.el32.labeled, 16777216 edges (134217728 byte)
Input: /root/cuMatch/scratch/LGF/el32_tmp/11/11-25-1.el32.labeled [GBID: 11, 25, 1] [EDGE LABEL: HAS_CREATOR]
dmesg > labeled_grid_generator.cpp:458
Converting /root/cuMatch/scratch/LGF/el32_tmp/11/11-25-1.el32.labeled, 16777216 edges (134217728 byte)
Input: /root/cuMatch/scratch/LGF/el32_tmp/12/12-25-1.el32.labeled [GBID: 12, 25, 1] [EDGE LABEL: HAS_CREATOR]
dmesg > labeled_grid_generator.cpp:458
Converting /root/cuMatch/scratch/LGF/el32_tmp/12/12-25-1.el32.labeled, 16777216 edges (134217728 byte)
Input: /root/cuMatch/scratch/LGF/el32_tmp/13/13-25-1.el32.labeled [GBID: 13, 25, 1] [EDGE LABEL: HAS_CREATOR]
dmesg > labeled_grid_generator.cpp:458
Converting /root/cuMatch/scratch/LGF/el32_tmp/13/13-25-1.el32.labeled, 16777216 edges (134217728 byte)
Input: /root/cuMatch/scratch/LGF/el32_tmp/14/14-25-1.el32.labeled [GBID: 14, 25, 1] [EDGE LABEL: HAS_CREATOR]
dmesg > labeled_grid_generator.cpp:458
Converting /root/cuMatch/scratch/LGF/el32_tmp/14/14-25-1.el32.labeled, 16777216 edges (134217728 byte)
Input: /root/cuMatch/scratch/LGF/el32_tmp/15/15-25-1.el32.labeled [GBID: 15, 25, 1] [EDGE LABEL: HAS_CREATOR]
dmesg > labeled_grid_generator.cpp:458
Converting /root/cuMatch/scratch/LGF/el32_tmp/15/15-25-1.el32.labeled, 16777216 edges (134217728 byte)
Input: /root/cuMatch/scratch/LGF/el32_tmp/16/16-25-1.el32.labeled [GBID: 16, 25, 1] [EDGE LABEL: HAS_CREATOR]
dmesg > labeled_grid_generator.cpp:458
Converting /root/cuMatch/scratch/LGF/el32_tmp/16/16-25-1.el32.labeled, 16777216 edges (134217728 byte)
Input: /root/cuMatch/scratch/LGF/el32_tmp/17/17-25-1.el32.labeled [GBID: 17, 25, 1] [EDGE LABEL: HAS_CREATOR]
dmesg > labeled_grid_generator.cpp:458
Converting /root/cuMatch/scratch/LGF/el32_tmp/17/17-25-1.el32.labeled, 16777216 edges (134217728 byte)
Input: /root/cuMatch/scratch/LGF/el32_tmp/18/18-25-1.el32.labeled [GBID: 18, 25, 1] [EDGE LABEL: HAS_CREATOR]
dmesg > labeled_grid_generator.cpp:458
Converting /root/cuMatch/scratch/LGF/el32_tmp/18/18-25-1.el32.labeled, 16777216 edges (134217728 byte)
Input: /root/cuMatch/scratch/LGF/el32_tmp/19/19-25-1.el32.labeled [GBID: 19, 25, 1] [EDGE LABEL: HAS_CREATOR]
dmesg > labeled_grid_generator.cpp:458
Converting /root/cuMatch/scratch/LGF/el32_tmp/19/19-25-1.el32.labeled, 16175157 edges (129401256 byte)
Input: /root/cuMatch/scratch/LGF/el32_tmp/20/20-25-1.el32.labeled [GBID: 20, 25, 1] [EDGE LABEL: HAS_CREATOR]
dmesg > labeled_grid_generator.cpp:458
Converting /root/cuMatch/scratch/LGF/el32_tmp/20/20-25-1.el32.labeled, 16777216 edges (134217728 byte)
Input: /root/cuMatch/scratch/LGF/el32_tmp/21/21-25-1.el32.labeled [GBID: 21, 25, 1] [EDGE LABEL: HAS_CREATOR]
dmesg > labeled_grid_generator.cpp:458
Converting /root/cuMatch/scratch/LGF/el32_tmp/21/21-25-1.el32.labeled, 16777216 edges (134217728 byte)
Input: /root/cuMatch/scratch/LGF/el32_tmp/22/22-25-1.el32.labeled [GBID: 22, 25, 1] [EDGE LABEL: HAS_CREATOR]
dmesg > labeled_grid_generator.cpp:458
Converting /root/cuMatch/scratch/LGF/el32_tmp/22/22-25-1.el32.labeled, 16777216 edges (134217728 byte)
Input: /root/cuMatch/scratch/LGF/el32_tmp/23/23-25-1.el32.labeled [GBID: 23, 25, 1] [EDGE LABEL: HAS_CREATOR]
dmesg > labeled_grid_generator.cpp:458
Converting /root/cuMatch/scratch/LGF/el32_tmp/23/23-25-1.el32.labeled, 16777216 edges (134217728 byte)
Input: /root/cuMatch/scratch/LGF/el32_tmp/24/24-25-1.el32.labeled [GBID: 24, 25, 1] [EDGE LABEL: HAS_CREATOR]
dmesg > labeled_grid_generator.cpp:458
Converting /root/cuMatch/scratch/LGF/el32_tmp/24/24-25-1.el32.labeled, 2368682 edges (18949456 byte)
Input: /root/cuMatch/scratch/LGF/el32_tmp/25/25-25-10.el32.labeled [GBID: 25, 25, 10] [EDGE LABEL: KNOWS]
dmesg > labeled_grid_generator.cpp:458
Converting /root/cuMatch/scratch/LGF/el32_tmp/25/25-25-10.el32.labeled, 47683182 edges (381465456 byte)
Input: /root/cuMatch/scratch/LGF/el32_tmp/4/4-26-5.el32.labeled [GBID: 4, 26, 5] [EDGE LABEL: HAS_TAG]
dmesg > labeled_grid_generator.cpp:458
Converting /root/cuMatch/scratch/LGF/el32_tmp/4/4-26-5.el32.labeled, 16148475 edges (129187800 byte)
Input: /root/cuMatch/scratch/LGF/el32_tmp/5/5-26-5.el32.labeled [GBID: 5, 26, 5] [EDGE LABEL: HAS_TAG]
dmesg > labeled_grid_generator.cpp:458
Converting /root/cuMatch/scratch/LGF/el32_tmp/5/5-26-5.el32.labeled, 21099897 edges (168799176 byte)
Input: /root/cuMatch/scratch/LGF/el32_tmp/6/6-26-5.el32.labeled [GBID: 6, 26, 5] [EDGE LABEL: HAS_TAG]
dmesg > labeled_grid_generator.cpp:458
Converting /root/cuMatch/scratch/LGF/el32_tmp/6/6-26-5.el32.labeled, 21268782 edges (170150256 byte)
Input: /root/cuMatch/scratch/LGF/el32_tmp/7/7-26-5.el32.labeled [GBID: 7, 26, 5] [EDGE LABEL: HAS_TAG]
dmesg > labeled_grid_generator.cpp:458
Converting /root/cuMatch/scratch/LGF/el32_tmp/7/7-26-5.el32.labeled, 21135554 edges (169084432 byte)
Input: /root/cuMatch/scratch/LGF/el32_tmp/8/8-26-5.el32.labeled [GBID: 8, 26, 5] [EDGE LABEL: HAS_TAG]
dmesg > labeled_grid_generator.cpp:458
Converting /root/cuMatch/scratch/LGF/el32_tmp/8/8-26-5.el32.labeled, 21199158 edges (169593264 byte)
Input: /root/cuMatch/scratch/LGF/el32_tmp/9/9-26-5.el32.labeled [GBID: 9, 26, 5] [EDGE LABEL: HAS_TAG]
dmesg > labeled_grid_generator.cpp:458
Converting /root/cuMatch/scratch/LGF/el32_tmp/9/9-26-5.el32.labeled, 21135991 edges (169087928 byte)
Input: /root/cuMatch/scratch/LGF/el32_tmp/10/10-26-5.el32.labeled [GBID: 10, 26, 5] [EDGE LABEL: HAS_TAG]
dmesg > labeled_grid_generator.cpp:458
Converting /root/cuMatch/scratch/LGF/el32_tmp/10/10-26-5.el32.labeled, 21241123 edges (169928984 byte)
Input: /root/cuMatch/scratch/LGF/el32_tmp/11/11-26-5.el32.labeled [GBID: 11, 26, 5] [EDGE LABEL: HAS_TAG]
dmesg > labeled_grid_generator.cpp:458
Converting /root/cuMatch/scratch/LGF/el32_tmp/11/11-26-5.el32.labeled, 21245338 edges (169962704 byte)
Input: /root/cuMatch/scratch/LGF/el32_tmp/12/12-26-5.el32.labeled [GBID: 12, 26, 5] [EDGE LABEL: HAS_TAG]
dmesg > labeled_grid_generator.cpp:458
Converting /root/cuMatch/scratch/LGF/el32_tmp/12/12-26-5.el32.labeled, 21045790 edges (168366320 byte)
Input: /root/cuMatch/scratch/LGF/el32_tmp/13/13-26-5.el32.labeled [GBID: 13, 26, 5] [EDGE LABEL: HAS_TAG]
dmesg > labeled_grid_generator.cpp:458
Converting /root/cuMatch/scratch/LGF/el32_tmp/13/13-26-5.el32.labeled, 21283183 edges (170265464 byte)
Input: /root/cuMatch/scratch/LGF/el32_tmp/14/14-26-5.el32.labeled [GBID: 14, 26, 5] [EDGE LABEL: HAS_TAG]
dmesg > labeled_grid_generator.cpp:458
Converting /root/cuMatch/scratch/LGF/el32_tmp/14/14-26-5.el32.labeled, 21135669 edges (169085352 byte)
Input: /root/cuMatch/scratch/LGF/el32_tmp/15/15-26-5.el32.labeled [GBID: 15, 26, 5] [EDGE LABEL: HAS_TAG]
dmesg > labeled_grid_generator.cpp:458
Converting /root/cuMatch/scratch/LGF/el32_tmp/15/15-26-5.el32.labeled, 21148096 edges (169184768 byte)
Input: /root/cuMatch/scratch/LGF/el32_tmp/16/16-26-5.el32.labeled [GBID: 16, 26, 5] [EDGE LABEL: HAS_TAG]
dmesg > labeled_grid_generator.cpp:458
Converting /root/cuMatch/scratch/LGF/el32_tmp/16/16-26-5.el32.labeled, 21187300 edges (169498400 byte)
Input: /root/cuMatch/scratch/LGF/el32_tmp/17/17-26-5.el32.labeled [GBID: 17, 26, 5] [EDGE LABEL: HAS_TAG]
dmesg > labeled_grid_generator.cpp:458
Converting /root/cuMatch/scratch/LGF/el32_tmp/17/17-26-5.el32.labeled, 21068743 edges (168549944 byte)
Input: /root/cuMatch/scratch/LGF/el32_tmp/18/18-26-5.el32.labeled [GBID: 18, 26, 5] [EDGE LABEL: HAS_TAG]
dmesg > labeled_grid_generator.cpp:458
Converting /root/cuMatch/scratch/LGF/el32_tmp/18/18-26-5.el32.labeled, 21142266 edges (169138128 byte)
Input: /root/cuMatch/scratch/LGF/el32_tmp/19/19-26-5.el32.labeled [GBID: 19, 26, 5] [EDGE LABEL: HAS_TAG]
dmesg > labeled_grid_generator.cpp:458
Converting /root/cuMatch/scratch/LGF/el32_tmp/19/19-26-5.el32.labeled, 20436350 edges (163490800 byte)
Input: /root/cuMatch/scratch/LGF/el32_tmp/20/20-26-5.el32.labeled [GBID: 20, 26, 5] [EDGE LABEL: HAS_TAG]
dmesg > labeled_grid_generator.cpp:458
Converting /root/cuMatch/scratch/LGF/el32_tmp/20/20-26-5.el32.labeled, 20143939 edges (161151512 byte)
Input: /root/cuMatch/scratch/LGF/el32_tmp/21/21-26-5.el32.labeled [GBID: 21, 26, 5] [EDGE LABEL: HAS_TAG]
dmesg > labeled_grid_generator.cpp:458
Converting /root/cuMatch/scratch/LGF/el32_tmp/21/21-26-5.el32.labeled, 20097971 edges (160783768 byte)
Input: /root/cuMatch/scratch/LGF/el32_tmp/22/22-26-5.el32.labeled [GBID: 22, 26, 5] [EDGE LABEL: HAS_TAG]
dmesg > labeled_grid_generator.cpp:458
Converting /root/cuMatch/scratch/LGF/el32_tmp/22/22-26-5.el32.labeled, 20022556 edges (160180448 byte)
Input: /root/cuMatch/scratch/LGF/el32_tmp/23/23-26-5.el32.labeled [GBID: 23, 26, 5] [EDGE LABEL: HAS_TAG]
dmesg > labeled_grid_generator.cpp:458
Converting /root/cuMatch/scratch/LGF/el32_tmp/23/23-26-5.el32.labeled, 20079761 edges (160638088 byte)
Input: /root/cuMatch/scratch/LGF/el32_tmp/24/24-26-5.el32.labeled [GBID: 24, 26, 5] [EDGE LABEL: HAS_TAG]
dmesg > labeled_grid_generator.cpp:458
Converting /root/cuMatch/scratch/LGF/el32_tmp/24/24-26-5.el32.labeled, 2832323 edges (22658584 byte)
Input: /root/cuMatch/scratch/LGF/el32_tmp/25/25-26-2.el32.labeled [GBID: 25, 26, 2] [EDGE LABEL: HAS_INTEREST]
dmesg > labeled_grid_generator.cpp:458
Converting /root/cuMatch/scratch/LGF/el32_tmp/25/25-26-2.el32.labeled, 11663500 edges (93308000 byte)
Input: /root/cuMatch/scratch/LGF/el32_tmp/26/26-27-6.el32.labeled [GBID: 26, 27, 6] [EDGE LABEL: HAS_TYPE]
dmesg > labeled_grid_generator.cpp:458
Converting /root/cuMatch/scratch/LGF/el32_tmp/26/26-27-6.el32.labeled, 16080 edges (128640 byte)
Input: /root/cuMatch/scratch/LGF/el32_tmp/27/27-27-9.el32.labeled [GBID: 27, 27, 9] [EDGE LABEL: IS_SUBCLASS_OF]
dmesg > labeled_grid_generator.cpp:458
Converting /root/cuMatch/scratch/LGF/el32_tmp/27/27-27-9.el32.labeled, 70 edges (560 byte)
Input: /root/cuMatch/scratch/LGF/el32_tmp/25/25-28-13.el32.labeled [GBID: 25, 28, 13] [EDGE LABEL: STUDY_AT]
dmesg > labeled_grid_generator.cpp:458
Converting /root/cuMatch/scratch/LGF/el32_tmp/25/25-28-13.el32.labeled, 399334 edges (3194672 byte)
+---------------------------------------------------------+
| Labeled Grid Format Info                                |
+--------------------------+------------------------------+
| Name                     |                   LSQB_sf100 |
| Dim                      |                 29 x 29 x 15 |
| Grid Size                |     25364721664   (23.6 GiB) |
| Vertex range             |       486539264    (486.5 M) |
| # of non-isol. vertices  |       326042268    (326.0 M) |
| # of edges               |      2148520093      (2.1 B) |
| Index-tree size          |           52824   (51.6 KiB) |
| # of Slices              |                          284 |
| # of Vertex Labels       |                           12 |
| # of Edge Labels         |                           15 |
| Max. Slice size          |      3221225472      (3 GiB) |
+--------------------------+------------------------------+
Step 1 elapsed time: 661.354959 seconds
Step 2 elapsed time: 88.254402 seconds
Elapsed time: 751.859 seconds
